// Jest Snapshot v1, https://goo.gl/fbAQLP

exports[`ModelDeleteProduct Component render Sidebar 1`] = `
<div
  aria-hidden="true"
/>
`;
